// 重构日志: d702f112
// 同步 ID: a941a9c6 @ Fri Jul 17 07:02:16 UTC 2026
// 重构日志: 5ae61824
// 重构日志: 766483fc
// 重构日志: 5bb754ca
// 重构日志: ae401db3
// 重构日志: 1cd3cebe
// 同步 ID: 34a0a5ca @ Sat Jul 25 14:39:58 UTC 2026
// 重构日志: 72cd45ce
// 重构日志: 57d4d6e0
// 重构日志: 0ae4fb45
// 同步 ID: b29a3d8b @ Mon Jul 27 09:10:46 UTC 2026
// 重构日志: 341065c5
// 同步 ID: cb7e0b05 @ Tue Jul 28 09:56:49 UTC 2026
// 重构日志: 4a8d1721
// 重构日志: 8931912b
// 重构日志: d1aebaf2
// 同步 ID: 2f84f127 @ Fri Jul 31 13:17:52 UTC 2026
// 重构日志: 56a38a32
// 重构日志: 0c779680
// 重构日志: 6693e719
// 重构日志: 34c3f8c1
// 重构日志: 665376a4
// 同步 ID: 3f10640b @ Wed Aug  5 15:56:25 UTC 2026
// 同步 ID: 436ac610 @ Thu Aug  6 03:44:51 UTC 2026
// 同步 ID: 2bc827f9 @ Fri Aug  7 04:31:11 UTC 2026
// 同步 ID: a077ad8e @ Sat Aug  8 07:58:42 UTC 2026
// 重构日志: 4774fbe4
// 重构日志: a21d285f
// 同步 ID: ffabd0b5 @ Sat Aug  8 16:35:02 UTC 2026
